app/api/chat/route.ts(20,19): error TS2551: Property 'toDataStreamResponse' does not exist on type 'StreamTextResult<ToolSet, Output<string, string, never>>'. Did you mean 'toTextStreamResponse'?
app/components/AIChatbot.tsx(3,34): error TS2307: Cannot find module 'ai/react' or its corresponding type declarations.
